Traceback (most recent call last):
  File "/Users/ryozawau/anaconda3/lib/python3.11/site-packages/jupyter_cache/executors/utils.py", line 58, in single_nb_execution
    executenb(
  File "/Users/ryozawau/anaconda3/lib/python3.11/site-packages/nbclient/client.py", line 1305, in execute
    return NotebookClient(nb=nb, resources=resources, km=km, **kwargs).execute()
           ^^^^^^^^^^^^^^^^^^^^^^^^^^^^^^^^^^^^^^^^^^^^^^^^^^^^^^^^^^^^^^^^^^^^^
  File "/Users/ryozawau/anaconda3/lib/python3.11/site-packages/jupyter_core/utils/__init__.py", line 173, in wrapped
    return loop.run_until_complete(inner)
           ^^^^^^^^^^^^^^^^^^^^^^^^^^^^^^
  File "/Users/ryozawau/anaconda3/lib/python3.11/asyncio/base_events.py", line 653, in run_until_complete
    return future.result()
           ^^^^^^^^^^^^^^^
  File "/Users/ryozawau/anaconda3/lib/python3.11/site-packages/nbclient/client.py", line 705, in async_execute
    await self.async_execute_cell(
  File "/Users/ryozawau/anaconda3/lib/python3.11/site-packages/nbclient/client.py", line 1058, in async_execute_cell
    await self._check_raise_for_error(cell, cell_index, exec_reply)
  File "/Users/ryozawau/anaconda3/lib/python3.11/site-packages/nbclient/client.py", line 914, in _check_raise_for_error
    raise CellExecutionError.from_cell_and_msg(cell, exec_reply_content)
nbclient.exceptions.CellExecutionError: An error occurred while executing the following cell:
------------------
#import scienceplots
import matplotlib.pyplot as plt
from matplotlib import font_manager
#plt.style.use(['science','no-latex'])
# Path to your TTF file
ttf_path = './Noto_Sans_JP/NotoSansJP-VariableFont_wght.ttf'
# Register the font
font_manager.fontManager.addfont(ttf_path)
custom_font = font_manager.FontProperties(fname=ttf_path)
# Set the custom font as default
plt.rcParams['font.family'] = custom_font.get_name()
plt.rcParams['font.family'] = 'Hiragino Sans'
------------------


[0;31m---------------------------------------------------------------------------[0m
[0;31mFileNotFoundError[0m                         Traceback (most recent call last)
Cell [0;32mIn[2], line 8[0m
[1;32m      6[0m ttf_path [38;5;241m=[39m [38;5;124m'[39m[38;5;124m./Noto_Sans_JP/NotoSansJP-VariableFont_wght.ttf[39m[38;5;124m'[39m
[1;32m      7[0m [38;5;66;03m# Register the font[39;00m
[0;32m----> 8[0m font_manager[38;5;241m.[39mfontManager[38;5;241m.[39maddfont(ttf_path)
[1;32m      9[0m custom_font [38;5;241m=[39m font_manager[38;5;241m.[39mFontProperties(fname[38;5;241m=[39mttf_path)
[1;32m     10[0m [38;5;66;03m# Set the custom font as default[39;00m

File [0;32m~/anaconda3/lib/python3.11/site-packages/matplotlib/font_manager.py:1076[0m, in [0;36mFontManager.addfont[0;34m(self, path)[0m
[1;32m   1074[0m     [38;5;28mself[39m[38;5;241m.[39mafmlist[38;5;241m.[39mappend(prop)
[1;32m   1075[0m [38;5;28;01melse[39;00m:
[0;32m-> 1076[0m     font [38;5;241m=[39m ft2font[38;5;241m.[39mFT2Font(path)
[1;32m   1077[0m     prop [38;5;241m=[39m ttfFontProperty(font)
[1;32m   1078[0m     [38;5;28mself[39m[38;5;241m.[39mttflist[38;5;241m.[39mappend(prop)

[0;31mFileNotFoundError[0m: [Errno 2] No such file or directory: './Noto_Sans_JP/NotoSansJP-VariableFont_wght.ttf'

