Traceback (most recent call last):
  File "/Users/ryozawau/css_tohoku/css_tohoku/.venv/lib/python3.12/site-packages/jupyter_cache/executors/utils.py", line 58, in single_nb_execution
    executenb(
  File "/Users/ryozawau/css_tohoku/css_tohoku/.venv/lib/python3.12/site-packages/nbclient/client.py", line 1323, in execute
    return NotebookClient(nb=nb, resources=resources, km=km, **kwargs).execute()
           ^^^^^^^^^^^^^^^^^^^^^^^^^^^^^^^^^^^^^^^^^^^^^^^^^^^^^^^^^^^^^^^^^^^^^
  File "/Users/ryozawau/css_tohoku/css_tohoku/.venv/lib/python3.12/site-packages/jupyter_core/utils/__init__.py", line 165, in wrapped
    return loop.run_until_complete(inner)
           ^^^^^^^^^^^^^^^^^^^^^^^^^^^^^^
  File "/Users/ryozawau/anaconda3/envs/jupyterbook/lib/python3.12/asyncio/base_events.py", line 684, in run_until_complete
    return future.result()
           ^^^^^^^^^^^^^^^
  File "/Users/ryozawau/css_tohoku/css_tohoku/.venv/lib/python3.12/site-packages/nbclient/client.py", line 709, in async_execute
    await self.async_execute_cell(
  File "/Users/ryozawau/css_tohoku/css_tohoku/.venv/lib/python3.12/site-packages/nbclient/client.py", line 1062, in async_execute_cell
    await self._check_raise_for_error(cell, cell_index, exec_reply)
  File "/Users/ryozawau/css_tohoku/css_tohoku/.venv/lib/python3.12/site-packages/nbclient/client.py", line 918, in _check_raise_for_error
    raise CellExecutionError.from_cell_and_msg(cell, exec_reply_content)
nbclient.exceptions.CellExecutionError: An error occurred while executing the following cell:
------------------
from matplotlib import font_manager

# Path to your TTF file
ttf_path = './Noto_Sans_JP/NotoSansJP-VariableFont_wght.ttf'
# Register the font
font_manager.fontManager.addfont(ttf_path)
custom_font = font_manager.FontProperties(fname=ttf_path)

# Set the custom font as default
plt.rcParams['font.family'] = custom_font.get_name()
plt.rcParams['font.family'] = 'Hiragino Sans'

------------------


[31m---------------------------------------------------------------------------[39m
[31mFileNotFoundError[39m                         Traceback (most recent call last)
[36mCell[39m[36m [39m[32mIn[3][39m[32m, line 6[39m
[32m      2[39m 
[32m      3[39m [38;5;66;03m# Path to your TTF file[39;00m
[32m      4[39m ttf_path = [33m'./Noto_Sans_JP/NotoSansJP-VariableFont_wght.ttf'[39m
[32m      5[39m [38;5;66;03m# Register the font[39;00m
[32m----> [39m[32m6[39m font_manager.fontManager.addfont(ttf_path)
[32m      7[39m custom_font = font_manager.FontProperties(fname=ttf_path)
[32m      8[39m 
[32m      9[39m [38;5;66;03m# Set the custom font as default[39;00m

[36mFile [39m[32m~/css_tohoku/css_tohoku/.venv/lib/python3.12/site-packages/matplotlib/font_manager.py:1136[39m, in [36mFontManager.addfont[39m[34m(self, path)[39m
[32m   1134[39m     [38;5;28mself[39m.afmlist.append(prop)
[32m   1135[39m [38;5;28;01melse[39;00m:
[32m-> [39m[32m1136[39m     font = [43mft2font[49m[43m.[49m[43mFT2Font[49m[43m([49m[43mpath[49m[43m)[49m
[32m   1137[39m     prop = ttfFontProperty(font)
[32m   1138[39m     [38;5;28mself[39m.ttflist.append(prop)

[31mFileNotFoundError[39m: [Errno 2] No such file or directory: './Noto_Sans_JP/NotoSansJP-VariableFont_wght.ttf'

