Traceback (most recent call last):
  File "/Users/ryotakusakai/opt/anaconda3/envs/jupyterbook_1/lib/python3.9/site-packages/jupyter_core/utils/__init__.py", line 154, in wrapped
    asyncio.get_running_loop()
RuntimeError: no running event loop

During handling of the above exception, another exception occurred:

Traceback (most recent call last):
  File "/Users/ryotakusakai/opt/anaconda3/envs/jupyterbook_1/lib/python3.9/site-packages/jupyter_cache/executors/utils.py", line 58, in single_nb_execution
    executenb(
  File "/Users/ryotakusakai/opt/anaconda3/envs/jupyterbook_1/lib/python3.9/site-packages/nbclient/client.py", line 1305, in execute
    return NotebookClient(nb=nb, resources=resources, km=km, **kwargs).execute()
  File "/Users/ryotakusakai/opt/anaconda3/envs/jupyterbook_1/lib/python3.9/site-packages/jupyter_core/utils/__init__.py", line 158, in wrapped
    return loop.run_until_complete(inner)
  File "/Users/ryotakusakai/opt/anaconda3/envs/jupyterbook_1/lib/python3.9/asyncio/base_events.py", line 647, in run_until_complete
    return future.result()
  File "/Users/ryotakusakai/opt/anaconda3/envs/jupyterbook_1/lib/python3.9/site-packages/nbclient/client.py", line 705, in async_execute
    await self.async_execute_cell(
  File "/Users/ryotakusakai/opt/anaconda3/envs/jupyterbook_1/lib/python3.9/site-packages/nbclient/client.py", line 1058, in async_execute_cell
    await self._check_raise_for_error(cell, cell_index, exec_reply)
  File "/Users/ryotakusakai/opt/anaconda3/envs/jupyterbook_1/lib/python3.9/site-packages/nbclient/client.py", line 914, in _check_raise_for_error
    raise CellExecutionError.from_cell_and_msg(cell, exec_reply_content)
nbclient.exceptions.CellExecutionError: An error occurred while executing the following cell:
------------------
<details><summary>Answer</summary>

The two heads are getting the same input data so they will be calculating the same gradients and will end up learning the same thing. We have two options:

A. Feed the two networks different data. This would essentially mean training the two networks independently or restructuring our data so that batch sizes of treated and control units can be split equally after input.

B. Somehow ensure that each head only receives error gradients for the correct treatment group. This will require writing a custom loss function.

Let's go with B.
</details>
------------------


[0;36m  Cell [0;32mIn[1], line 1[0;36m[0m
[0;31m    <details><summary>Answer</summary>[0m
[0m    ^[0m
[0;31mSyntaxError[0m[0;31m:[0m invalid syntax


