Traceback (most recent call last):
  File "/Users/ryozawau/css_tohoku/css_tohoku/.venv/lib/python3.12/site-packages/jupyter_cache/executors/utils.py", line 58, in single_nb_execution
    executenb(
  File "/Users/ryozawau/css_tohoku/css_tohoku/.venv/lib/python3.12/site-packages/nbclient/client.py", line 1323, in execute
    return NotebookClient(nb=nb, resources=resources, km=km, **kwargs).execute()
           ^^^^^^^^^^^^^^^^^^^^^^^^^^^^^^^^^^^^^^^^^^^^^^^^^^^^^^^^^^^^^^^^^^^^^
  File "/Users/ryozawau/css_tohoku/css_tohoku/.venv/lib/python3.12/site-packages/jupyter_core/utils/__init__.py", line 165, in wrapped
    return loop.run_until_complete(inner)
           ^^^^^^^^^^^^^^^^^^^^^^^^^^^^^^
  File "/Users/ryozawau/anaconda3/envs/jupyterbook/lib/python3.12/asyncio/base_events.py", line 684, in run_until_complete
    return future.result()
           ^^^^^^^^^^^^^^^
  File "/Users/ryozawau/css_tohoku/css_tohoku/.venv/lib/python3.12/site-packages/nbclient/client.py", line 709, in async_execute
    await self.async_execute_cell(
  File "/Users/ryozawau/css_tohoku/css_tohoku/.venv/lib/python3.12/site-packages/nbclient/client.py", line 1062, in async_execute_cell
    await self._check_raise_for_error(cell, cell_index, exec_reply)
  File "/Users/ryozawau/css_tohoku/css_tohoku/.venv/lib/python3.12/site-packages/nbclient/client.py", line 918, in _check_raise_for_error
    raise CellExecutionError.from_cell_and_msg(cell, exec_reply_content)
nbclient.exceptions.CellExecutionError: An error occurred while executing the following cell:
------------------
net_h2= (0.25)*(0.05)+(0.3)*(0.1)+0.35
print("net_h2={}".format(net_h2))
out_h2 = torch.sigmoid(torch.tensor(net_h2))
print("out_h2={}".format(out_h2))
------------------

----- stdout -----
net_h2=0.39249999999999996
------------------

[31m---------------------------------------------------------------------------[39m
[31mNameError[39m                                 Traceback (most recent call last)
[36mCell[39m[36m [39m[32mIn[3][39m[32m, line 3[39m
[32m      1[39m net_h2= ([32m0.25[39m)*([32m0.05[39m)+([32m0.3[39m)*([32m0.1[39m)+[32m0.35[39m
[32m      2[39m print([33m"net_h2={}"[39m.format(net_h2))
[32m----> [39m[32m3[39m out_h2 = torch.sigmoid(torch.tensor(net_h2))
[32m      4[39m print([33m"out_h2={}"[39m.format(out_h2))

[31mNameError[39m: name 'torch' is not defined

