Traceback (most recent call last):
  File "/Users/ryozawau/css_tohoku/css_tohoku/.venv/lib/python3.12/site-packages/jupyter_cache/executors/utils.py", line 58, in single_nb_execution
    executenb(
  File "/Users/ryozawau/css_tohoku/css_tohoku/.venv/lib/python3.12/site-packages/nbclient/client.py", line 1323, in execute
    return NotebookClient(nb=nb, resources=resources, km=km, **kwargs).execute()
           ^^^^^^^^^^^^^^^^^^^^^^^^^^^^^^^^^^^^^^^^^^^^^^^^^^^^^^^^^^^^^^^^^^^^^
  File "/Users/ryozawau/css_tohoku/css_tohoku/.venv/lib/python3.12/site-packages/jupyter_core/utils/__init__.py", line 165, in wrapped
    return loop.run_until_complete(inner)
           ^^^^^^^^^^^^^^^^^^^^^^^^^^^^^^
  File "/Users/ryozawau/anaconda3/envs/jupyterbook/lib/python3.12/asyncio/base_events.py", line 684, in run_until_complete
    return future.result()
           ^^^^^^^^^^^^^^^
  File "/Users/ryozawau/css_tohoku/css_tohoku/.venv/lib/python3.12/site-packages/nbclient/client.py", line 709, in async_execute
    await self.async_execute_cell(
  File "/Users/ryozawau/css_tohoku/css_tohoku/.venv/lib/python3.12/site-packages/nbclient/client.py", line 1062, in async_execute_cell
    await self._check_raise_for_error(cell, cell_index, exec_reply)
  File "/Users/ryozawau/css_tohoku/css_tohoku/.venv/lib/python3.12/site-packages/nbclient/client.py", line 918, in _check_raise_for_error
    raise CellExecutionError.from_cell_and_msg(cell, exec_reply_content)
nbclient.exceptions.CellExecutionError: An error occurred while executing the following cell:
------------------
import math #sqrt(square root)関数を使うための1行
s = [1,4,16,-25,36,49,64,81,100,121,144]
#for i in range(20):
for i in s:
    print(math.sqrt(i)) 
------------------

----- stdout -----
1.0
2.0
4.0
------------------

[31m---------------------------------------------------------------------------[39m
[31mValueError[39m                                Traceback (most recent call last)
[36mCell[39m[36m [39m[32mIn[11][39m[32m, line 5[39m
[32m      1[39m [38;5;28;01mimport[39;00m math [38;5;66;03m#sqrt(square root)関数を使うための1行[39;00m
[32m      2[39m s = [[32m1[39m,[32m4[39m,[32m16[39m,-[32m25[39m,[32m36[39m,[32m49[39m,[32m64[39m,[32m81[39m,[32m100[39m,[32m121[39m,[32m144[39m]
[32m      3[39m [38;5;66;03m#for i in range(20):[39;00m
[32m      4[39m [38;5;28;01mfor[39;00m i [38;5;28;01min[39;00m s:
[32m----> [39m[32m5[39m     print(math.sqrt(i))

[31mValueError[39m: math domain error

