Traceback (most recent call last):
  File "/Users/ryozawau/css_tohoku/css_tohoku/.venv/lib/python3.12/site-packages/jupyter_cache/executors/utils.py", line 58, in single_nb_execution
    executenb(
  File "/Users/ryozawau/css_tohoku/css_tohoku/.venv/lib/python3.12/site-packages/nbclient/client.py", line 1323, in execute
    return NotebookClient(nb=nb, resources=resources, km=km, **kwargs).execute()
           ^^^^^^^^^^^^^^^^^^^^^^^^^^^^^^^^^^^^^^^^^^^^^^^^^^^^^^^^^^^^^^^^^^^^^
  File "/Users/ryozawau/css_tohoku/css_tohoku/.venv/lib/python3.12/site-packages/jupyter_core/utils/__init__.py", line 165, in wrapped
    return loop.run_until_complete(inner)
           ^^^^^^^^^^^^^^^^^^^^^^^^^^^^^^
  File "/Users/ryozawau/anaconda3/envs/jupyterbook/lib/python3.12/asyncio/base_events.py", line 684, in run_until_complete
    return future.result()
           ^^^^^^^^^^^^^^^
  File "/Users/ryozawau/css_tohoku/css_tohoku/.venv/lib/python3.12/site-packages/nbclient/client.py", line 709, in async_execute
    await self.async_execute_cell(
  File "/Users/ryozawau/css_tohoku/css_tohoku/.venv/lib/python3.12/site-packages/nbclient/client.py", line 1062, in async_execute_cell
    await self._check_raise_for_error(cell, cell_index, exec_reply)
  File "/Users/ryozawau/css_tohoku/css_tohoku/.venv/lib/python3.12/site-packages/nbclient/client.py", line 918, in _check_raise_for_error
    raise CellExecutionError.from_cell_and_msg(cell, exec_reply_content)
nbclient.exceptions.CellExecutionError: An error occurred while executing the following cell:
------------------
import numpy as np
import proplot as plt


# Creating a figure and axes
fig, ax = plt.subplots(refwidth=4)

# Scatter plot of the data points
ax.scatter(x, y, color='blue', label='Data Points',alpha=0.6)

# Regression line
x_line = np.linspace(0, 10, 100)
y_line = beta_0 + beta_1 * x_line
ax.plot(x_line, y_line, color='red', label='Regression Line')

# Vertical lines and residuals
for i in range(n):
    x_i = x[i]
    y_i = y[i]
    y_pred_i = beta_0 + beta_1 * x_i
    ax.vlines(x_i, y_i, y_pred_i, color='gray', linestyle='dotted')

# Plot settings
ax.format(xlabel='x', ylabel='y', title='Linear Regression')
ax.legend(loc="lower right")

# Display the plot
plt.show()
------------------


[31m---------------------------------------------------------------------------[39m
[31mModuleNotFoundError[39m                       Traceback (most recent call last)
[36mCell[39m[36m [39m[32mIn[4][39m[32m, line 2[39m
[32m      1[39m [38;5;28;01mimport[39;00m numpy [38;5;28;01mas[39;00m np
[32m----> [39m[32m2[39m [38;5;28;01mimport[39;00m proplot [38;5;28;01mas[39;00m plt
[32m      3[39m 
[32m      4[39m 
[32m      5[39m [38;5;66;03m# Creating a figure and axes[39;00m

[31mModuleNotFoundError[39m: No module named 'proplot'

