Traceback (most recent call last):
  File "/Users/ryotakusakai/Lecture/css_tohoku/.venv-jupyterbook1/lib/python3.11/site-packages/jupyter_cache/executors/utils.py", line 58, in single_nb_execution
    executenb(
  File "/Users/ryotakusakai/Lecture/css_tohoku/.venv-jupyterbook1/lib/python3.11/site-packages/nbclient/client.py", line 1323, in execute
    return NotebookClient(nb=nb, resources=resources, km=km, **kwargs).execute()
           ^^^^^^^^^^^^^^^^^^^^^^^^^^^^^^^^^^^^^^^^^^^^^^^^^^^^^^^^^^^^^^^^^^^^^
  File "/Users/ryotakusakai/Lecture/css_tohoku/.venv-jupyterbook1/lib/python3.11/site-packages/jupyter_core/utils/__init__.py", line 165, in wrapped
    return loop.run_until_complete(inner)
           ^^^^^^^^^^^^^^^^^^^^^^^^^^^^^^
  File "/Library/Frameworks/Python.framework/Versions/3.11/lib/python3.11/asyncio/base_events.py", line 653, in run_until_complete
    return future.result()
           ^^^^^^^^^^^^^^^
  File "/Users/ryotakusakai/Lecture/css_tohoku/.venv-jupyterbook1/lib/python3.11/site-packages/nbclient/client.py", line 709, in async_execute
    await self.async_execute_cell(
  File "/Users/ryotakusakai/Lecture/css_tohoku/.venv-jupyterbook1/lib/python3.11/site-packages/nbclient/client.py", line 1062, in async_execute_cell
    await self._check_raise_for_error(cell, cell_index, exec_reply)
  File "/Users/ryotakusakai/Lecture/css_tohoku/.venv-jupyterbook1/lib/python3.11/site-packages/nbclient/client.py", line 918, in _check_raise_for_error
    raise CellExecutionError.from_cell_and_msg(cell, exec_reply_content)
nbclient.exceptions.CellExecutionError: An error occurred while executing the following cell:
------------------
df=pd.read_csv("https://raw.githubusercontent.com/lvzeyu/css_tohoku/master/css_tohoku/draft/Data/titanic.csv")
------------------


[31m---------------------------------------------------------------------------[39m
[31mSSLCertVerificationError[39m                  Traceback (most recent call last)
[36mFile [39m[32m/Library/Frameworks/Python.framework/Versions/3.11/lib/python3.11/urllib/request.py:1348[39m, in [36mAbstractHTTPHandler.do_open[39m[34m(self, http_class, req, **http_conn_args)[39m
[32m   1347[39m [38;5;28;01mtry[39;00m:
[32m-> [39m[32m1348[39m     [30;43mh[39;49m[30;43m.[39;49m[30;43mrequest[39;49m[30;43m([39;49m[30;43mreq[39;49m[30;43m.[39;49m[30;43mget_method[39;49m[30;43m([39;49m[30;43m)[39;49m[30;43m,[39;49m[30;43m [39;49m[30;43mreq[39;49m[30;43m.[39;49m[30;43mselector[39;49m[30;43m,[39;49m[30;43m [39;49m[30;43mreq[39;49m[30;43m.[39;49m[30;43mdata[39;49m[30;43m,[39;49m[30;43m [39;49m[30;43mheaders[39;49m[30;43m,[39;49m
[32m   1349[39m [30;43m              [39;49m[30;43mencode_chunked[39;49m[30;43m=[39;49m[30;43mreq[39;49m[30;43m.[39;49m[30;43mhas_header[39;49m[30;43m([39;49m[30;43m'[39;49m[30;43mTransfer-encoding[39;49m[30;43m'[39;49m[30;43m)[39;49m[30;43m)[39;49m
[32m   1350[39m [38;5;28;01mexcept[39;00m [38;5;167;01mOSError[39;00m [38;5;28;01mas[39;00m err: [38;5;66;03m# timeout error[39;00m

[36mFile [39m[32m/Library/Frameworks/Python.framework/Versions/3.11/lib/python3.11/http/client.py:1286[39m, in [36mHTTPConnection.request[39m[34m(self, method, url, body, headers, encode_chunked)[39m
[32m   1285[39m [38;5;250m[39m[33;03m"""Send a complete request to the server."""[39;00m
[32m-> [39m[32m1286[39m [30;43mself[39;49m[30;43m.[39;49m[30;43m_send_request[39;49m[30;43m([39;49m[30;43mmethod[39;49m[30;43m,[39;49m[30;43m [39;49m[30;43murl[39;49m[30;43m,[39;49m[30;43m [39;49m[30;43mbody[39;49m[30;43m,[39;49m[30;43m [39;49m[30;43mheaders[39;49m[30;43m,[39;49m[30;43m [39;49m[30;43mencode_chunked[39;49m[30;43m)[39;49m

[36mFile [39m[32m/Library/Frameworks/Python.framework/Versions/3.11/lib/python3.11/http/client.py:1332[39m, in [36mHTTPConnection._send_request[39m[34m(self, method, url, body, headers, encode_chunked)[39m
[32m   1331[39m     body = _encode(body, [33m'[39m[33mbody[39m[33m'[39m)
[32m-> [39m[32m1332[39m [30;43mself[39;49m[30;43m.[39;49m[30;43mendheaders[39;49m[30;43m([39;49m[30;43mbody[39;49m[30;43m,[39;49m[30;43m [39;49m[30;43mencode_chunked[39;49m[30;43m=[39;49m[30;43mencode_chunked[39;49m[30;43m)[39;49m

[36mFile [39m[32m/Library/Frameworks/Python.framework/Versions/3.11/lib/python3.11/http/client.py:1281[39m, in [36mHTTPConnection.endheaders[39m[34m(self, message_body, encode_chunked)[39m
[32m   1280[39m     [38;5;28;01mraise[39;00m CannotSendHeader()
[32m-> [39m[32m1281[39m [30;43mself[39;49m[30;43m.[39;49m[30;43m_send_output[39;49m[30;43m([39;49m[30;43mmessage_body[39;49m[30;43m,[39;49m[30;43m [39;49m[30;43mencode_chunked[39;49m[30;43m=[39;49m[30;43mencode_chunked[39;49m[30;43m)[39;49m

[36mFile [39m[32m/Library/Frameworks/Python.framework/Versions/3.11/lib/python3.11/http/client.py:1041[39m, in [36mHTTPConnection._send_output[39m[34m(self, message_body, encode_chunked)[39m
[32m   1040[39m [38;5;28;01mdel[39;00m [38;5;28mself[39m._buffer[:]
[32m-> [39m[32m1041[39m [30;43mself[39;49m[30;43m.[39;49m[30;43msend[39;49m[30;43m([39;49m[30;43mmsg[39;49m[30;43m)[39;49m
[32m   1043[39m [38;5;28;01mif[39;00m message_body [38;5;129;01mis[39;00m [38;5;129;01mnot[39;00m [38;5;28;01mNone[39;00m:
[32m   1044[39m 
[32m   1045[39m     [38;5;66;03m# create a consistent interface to message_body[39;00m

[36mFile [39m[32m/Library/Frameworks/Python.framework/Versions/3.11/lib/python3.11/http/client.py:979[39m, in [36mHTTPConnection.send[39m[34m(self, data)[39m
[32m    978[39m [38;5;28;01mif[39;00m [38;5;28mself[39m.auto_open:
[32m--> [39m[32m979[39m     [30;43mself[39;49m[30;43m.[39;49m[30;43mconnect[39;49m[30;43m([39;49m[30;43m)[39;49m
[32m    980[39m [38;5;28;01melse[39;00m:

[36mFile [39m[32m/Library/Frameworks/Python.framework/Versions/3.11/lib/python3.11/http/client.py:1458[39m, in [36mHTTPSConnection.connect[39m[34m(self)[39m
[32m   1456[39m     server_hostname = [38;5;28mself[39m.host
[32m-> [39m[32m1458[39m [38;5;28mself[39m.sock = [30;43mself[39;49m[30;43m.[39;49m[30;43m_context[39;49m[30;43m.[39;49m[30;43mwrap_socket[39;49m[30;43m([39;49m[30;43mself[39;49m[30;43m.[39;49m[30;43msock[39;49m[30;43m,[39;49m
[32m   1459[39m [30;43m                                      [39;49m[30;43mserver_hostname[39;49m[30;43m=[39;49m[30;43mserver_hostname[39;49m[30;43m)[39;49m

[36mFile [39m[32m/Library/Frameworks/Python.framework/Versions/3.11/lib/python3.11/ssl.py:517[39m, in [36mSSLContext.wrap_socket[39m[34m(self, sock, server_side, do_handshake_on_connect, suppress_ragged_eofs, server_hostname, session)[39m
[32m    511[39m [38;5;28;01mdef[39;00m[38;5;250m [39m[34mwrap_socket[39m([38;5;28mself[39m, sock, server_side=[38;5;28;01mFalse[39;00m,
[32m    512[39m                 do_handshake_on_connect=[38;5;28;01mTrue[39;00m,
[32m    513[39m                 suppress_ragged_eofs=[38;5;28;01mTrue[39;00m,
[32m    514[39m                 server_hostname=[38;5;28;01mNone[39;00m, session=[38;5;28;01mNone[39;00m):
[32m    515[39m     [38;5;66;03m# SSLSocket class handles server_hostname encoding before it calls[39;00m
[32m    516[39m     [38;5;66;03m# ctx._wrap_socket()[39;00m
[32m--> [39m[32m517[39m     [38;5;28;01mreturn[39;00m [30;43mself[39;49m[30;43m.[39;49m[30;43msslsocket_class[39;49m[30;43m.[39;49m[30;43m_create[39;49m[30;43m([39;49m
[32m    518[39m [30;43m        [39;49m[30;43msock[39;49m[30;43m=[39;49m[30;43msock[39;49m[30;43m,[39;49m
[32m    519[39m [30;43m        [39;49m[30;43mserver_side[39;49m[30;43m=[39;49m[30;43mserver_side[39;49m[30;43m,[39;49m
[32m    520[39m [30;43m        [39;49m[30;43mdo_handshake_on_connect[39;49m[30;43m=[39;49m[30;43mdo_handshake_on_connect[39;49m[30;43m,[39;49m
[32m    521[39m [30;43m        [39;49m[30;43msuppress_ragged_eofs[39;49m[30;43m=[39;49m[30;43msuppress_ragged_eofs[39;49m[30;43m,[39;49m
[32m    522[39m [30;43m        [39;49m[30;43mserver_hostname[39;49m[30;43m=[39;49m[30;43mserver_hostname[39;49m[30;43m,[39;49m
[32m    523[39m [30;43m        [39;49m[30;43mcontext[39;49m[30;43m=[39;49m[30;43mself[39;49m[30;43m,[39;49m
[32m    524[39m [30;43m        [39;49m[30;43msession[39;49m[30;43m=[39;49m[30;43msession[39;49m
[32m    525[39m [30;43m    [39;49m[30;43m)[39;49m

[36mFile [39m[32m/Library/Frameworks/Python.framework/Versions/3.11/lib/python3.11/ssl.py:1108[39m, in [36mSSLSocket._create[39m[34m(cls, sock, server_side, do_handshake_on_connect, suppress_ragged_eofs, server_hostname, context, session)[39m
[32m   1107[39m             [38;5;28;01mraise[39;00m [38;5;167;01mValueError[39;00m([33m"[39m[33mdo_handshake_on_connect should not be specified for non-blocking sockets[39m[33m"[39m)
[32m-> [39m[32m1108[39m         [30;43mself[39;49m[30;43m.[39;49m[30;43mdo_handshake[39;49m[30;43m([39;49m[30;43m)[39;49m
[32m   1109[39m [38;5;28;01mexcept[39;00m ([38;5;167;01mOSError[39;00m, [38;5;167;01mValueError[39;00m):

[36mFile [39m[32m/Library/Frameworks/Python.framework/Versions/3.11/lib/python3.11/ssl.py:1379[39m, in [36mSSLSocket.do_handshake[39m[34m(self, block)[39m
[32m   1378[39m         [38;5;28mself[39m.settimeout([38;5;28;01mNone[39;00m)
[32m-> [39m[32m1379[39m     [30;43mself[39;49m[30;43m.[39;49m[30;43m_sslobj[39;49m[30;43m.[39;49m[30;43mdo_handshake[39;49m[30;43m([39;49m[30;43m)[39;49m
[32m   1380[39m [38;5;28;01mfinally[39;00m:

[31mSSLCertVerificationError[39m: [SSL: CERTIFICATE_VERIFY_FAILED] certificate verify failed: unable to get local issuer certificate (_ssl.c:1006)

During handling of the above exception, another exception occurred:

[31mURLError[39m                                  Traceback (most recent call last)
[36mCell[39m[36m [39m[32mIn[2][39m[32m, line 1[39m
[32m----> [39m[32m1[39m df=pd.read_csv([33m"https://raw.githubusercontent.com/lvzeyu/css_tohoku/master/css_tohoku/draft/Data/titanic.csv"[39m)

[36mFile [39m[32m~/Lecture/css_tohoku/.venv-jupyterbook1/lib/python3.11/site-packages/pandas/io/parsers/readers.py:873[39m, in [36mread_csv[39m[34m(filepath_or_buffer, sep, delimiter, header, names, index_col, usecols, dtype, engine, converters, true_values, false_values, skipinitialspace, skiprows, skipfooter, nrows, na_values, keep_default_na, na_filter, skip_blank_lines, parse_dates, date_format, dayfirst, cache_dates, iterator, chunksize, compression, thousands, decimal, lineterminator, quotechar, quoting, doublequote, escapechar, comment, encoding, encoding_errors, dialect, on_bad_lines, low_memory, memory_map, float_precision, storage_options, dtype_backend)[39m
[32m    861[39m kwds_defaults = _refine_defaults_read(
[32m    862[39m     dialect,
[32m    863[39m     delimiter,
[32m   (...)[39m[32m    869[39m     dtype_backend=dtype_backend,
[32m    870[39m )
[32m    871[39m kwds.update(kwds_defaults)
[32m--> [39m[32m873[39m [38;5;28;01mreturn[39;00m [30;43m_read[39;49m[30;43m([39;49m[30;43mfilepath_or_buffer[39;49m[30;43m,[39;49m[30;43m [39;49m[30;43mkwds[39;49m[30;43m)[39;49m

[36mFile [39m[32m~/Lecture/css_tohoku/.venv-jupyterbook1/lib/python3.11/site-packages/pandas/io/parsers/readers.py:300[39m, in [36m_read[39m[34m(filepath_or_buffer, kwds)[39m
[32m    297[39m _validate_names(kwds.get([33m"[39m[33mnames[39m[33m"[39m, [38;5;28;01mNone[39;00m))
[32m    299[39m [38;5;66;03m# Create the parser.[39;00m
[32m--> [39m[32m300[39m parser = [30;43mTextFileReader[39;49m[30;43m([39;49m[30;43mfilepath_or_buffer[39;49m[30;43m,[39;49m[30;43m [39;49m[30;43m*[39;49m[30;43m*[39;49m[30;43mkwds[39;49m[30;43m)[39;49m
[32m    302[39m [38;5;28;01mif[39;00m chunksize [38;5;129;01mor[39;00m iterator:
[32m    303[39m     [38;5;28;01mreturn[39;00m parser

[36mFile [39m[32m~/Lecture/css_tohoku/.venv-jupyterbook1/lib/python3.11/site-packages/pandas/io/parsers/readers.py:1645[39m, in [36mTextFileReader.__init__[39m[34m(self, f, engine, **kwds)[39m
[32m   1642[39m     [38;5;28mself[39m.options[[33m"[39m[33mhas_index_names[39m[33m"[39m] = kwds[[33m"[39m[33mhas_index_names[39m[33m"[39m]
[32m   1644[39m [38;5;28mself[39m.handles: IOHandles | [38;5;28;01mNone[39;00m = [38;5;28;01mNone[39;00m
[32m-> [39m[32m1645[39m [38;5;28mself[39m._engine = [30;43mself[39;49m[30;43m.[39;49m[30;43m_make_engine[39;49m[30;43m([39;49m[30;43mf[39;49m[30;43m,[39;49m[30;43m [39;49m[30;43mself[39;49m[30;43m.[39;49m[30;43mengine[39;49m[30;43m)[39;49m

[36mFile [39m[32m~/Lecture/css_tohoku/.venv-jupyterbook1/lib/python3.11/site-packages/pandas/io/parsers/readers.py:1904[39m, in [36mTextFileReader._make_engine[39m[34m(self, f, engine)[39m
[32m   1902[39m     [38;5;28;01mif[39;00m [33m"[39m[33mb[39m[33m"[39m [38;5;129;01mnot[39;00m [38;5;129;01min[39;00m mode:
[32m   1903[39m         mode += [33m"[39m[33mb[39m[33m"[39m
[32m-> [39m[32m1904[39m [38;5;28mself[39m.handles = [30;43mget_handle[39;49m[30;43m([39;49m
[32m   1905[39m [30;43m    [39;49m[30;43mf[39;49m[30;43m,[39;49m
[32m   1906[39m [30;43m    [39;49m[30;43mmode[39;49m[30;43m,[39;49m
[32m   1907[39m [30;43m    [39;49m[30;43mencoding[39;49m[30;43m=[39;49m[30;43mself[39;49m[30;43m.[39;49m[30;43moptions[39;49m[30;43m.[39;49m[30;43mget[39;49m[30;43m([39;49m[30;43m"[39;49m[30;43mencoding[39;49m[30;43m"[39;49m[30;43m,[39;49m[30;43m [39;49m[30;43;01mNone[39;49;00m[30;43m)[39;49m[30;43m,[39;49m
[32m   1908[39m [30;43m    [39;49m[30;43mcompression[39;49m[30;43m=[39;49m[30;43mself[39;49m[30;43m.[39;49m[30;43moptions[39;49m[30;43m.[39;49m[30;43mget[39;49m[30;43m([39;49m[30;43m"[39;49m[30;43mcompression[39;49m[30;43m"[39;49m[30;43m,[39;49m[30;43m [39;49m[30;43;01mNone[39;49;00m[30;43m)[39;49m[30;43m,[39;49m
[32m   1909[39m [30;43m    [39;49m[30;43mmemory_map[39;49m[30;43m=[39;49m[30;43mself[39;49m[30;43m.[39;49m[30;43moptions[39;49m[30;43m.[39;49m[30;43mget[39;49m[30;43m([39;49m[30;43m"[39;49m[30;43mmemory_map[39;49m[30;43m"[39;49m[30;43m,[39;49m[30;43m [39;49m[30;43;01mFalse[39;49;00m[30;43m)[39;49m[30;43m,[39;49m
[32m   1910[39m [30;43m    [39;49m[30;43mis_text[39;49m[30;43m=[39;49m[30;43mis_text[39;49m[30;43m,[39;49m
[32m   1911[39m [30;43m    [39;49m[30;43merrors[39;49m[30;43m=[39;49m[30;43mself[39;49m[30;43m.[39;49m[30;43moptions[39;49m[30;43m.[39;49m[30;43mget[39;49m[30;43m([39;49m[30;43m"[39;49m[30;43mencoding_errors[39;49m[30;43m"[39;49m[30;43m,[39;49m[30;43m [39;49m[30;43m"[39;49m[30;43mstrict[39;49m[30;43m"[39;49m[30;43m)[39;49m[30;43m,[39;49m
[32m   1912[39m [30;43m    [39;49m[30;43mstorage_options[39;49m[30;43m=[39;49m[30;43mself[39;49m[30;43m.[39;49m[30;43moptions[39;49m[30;43m.[39;49m[30;43mget[39;49m[30;43m([39;49m[30;43m"[39;49m[30;43mstorage_options[39;49m[30;43m"[39;49m[30;43m,[39;49m[30;43m [39;49m[30;43;01mNone[39;49;00m[30;43m)[39;49m[30;43m,[39;49m
[32m   1913[39m [30;43m[39;49m[30;43m)[39;49m
[32m   1914[39m [38;5;28;01massert[39;00m [38;5;28mself[39m.handles [38;5;129;01mis[39;00m [38;5;129;01mnot[39;00m [38;5;28;01mNone[39;00m
[32m   1915[39m f = [38;5;28mself[39m.handles.handle

[36mFile [39m[32m~/Lecture/css_tohoku/.venv-jupyterbook1/lib/python3.11/site-packages/pandas/io/common.py:776[39m, in [36mget_handle[39m[34m(path_or_buf, mode, encoding, compression, memory_map, is_text, errors, storage_options)[39m
[32m    773[39m     codecs.lookup_error(errors)
[32m    775[39m [38;5;66;03m# open URLs[39;00m
[32m--> [39m[32m776[39m ioargs = [30;43m_get_filepath_or_buffer[39;49m[30;43m([39;49m
[32m    777[39m [30;43m    [39;49m[30;43mpath_or_buf[39;49m[30;43m,[39;49m
[32m    778[39m [30;43m    [39;49m[30;43mencoding[39;49m[30;43m=[39;49m[30;43mencoding[39;49m[30;43m,[39;49m
[32m    779[39m [30;43m    [39;49m[30;43mcompression[39;49m[30;43m=[39;49m[30;43mcompression[39;49m[30;43m,[39;49m
[32m    780[39m [30;43m    [39;49m[30;43mmode[39;49m[30;43m=[39;49m[30;43mmode[39;49m[30;43m,[39;49m
[32m    781[39m [30;43m    [39;49m[30;43mstorage_options[39;49m[30;43m=[39;49m[30;43mstorage_options[39;49m[30;43m,[39;49m
[32m    782[39m [30;43m[39;49m[30;43m)[39;49m
[32m    784[39m handle = ioargs.filepath_or_buffer
[32m    785[39m handles: [38;5;28mlist[39m[BaseBuffer]

[36mFile [39m[32m~/Lecture/css_tohoku/.venv-jupyterbook1/lib/python3.11/site-packages/pandas/io/common.py:405[39m, in [36m_get_filepath_or_buffer[39m[34m(filepath_or_buffer, encoding, compression, mode, storage_options)[39m
[32m    403[39m [38;5;66;03m# assuming storage_options is to be interpreted as headers[39;00m
[32m    404[39m req_info = urllib.request.Request(filepath_or_buffer, headers=storage_options)
[32m--> [39m[32m405[39m [38;5;28;01mwith[39;00m [30;43murlopen[39;49m[30;43m([39;49m[30;43mreq_info[39;49m[30;43m)[39;49m [38;5;28;01mas[39;00m req:
[32m    406[39m     content_encoding = req.headers.get([33m"[39m[33mContent-Encoding[39m[33m"[39m, [38;5;28;01mNone[39;00m)
[32m    407[39m     [38;5;28;01mif[39;00m content_encoding == [33m"[39m[33mgzip[39m[33m"[39m:
[32m    408[39m         [38;5;66;03m# Override compression based on Content-Encoding header[39;00m

[36mFile [39m[32m~/Lecture/css_tohoku/.venv-jupyterbook1/lib/python3.11/site-packages/pandas/io/common.py:282[39m, in [36murlopen[39m[34m(*args, **kwargs)[39m
[32m    276[39m [38;5;250m[39m[33;03m"""[39;00m
[32m    277[39m [33;03mLazy-import wrapper for stdlib urlopen, as that imports a big chunk of[39;00m
[32m    278[39m [33;03mthe stdlib.[39;00m
[32m    279[39m [33;03m"""[39;00m
[32m    280[39m [38;5;28;01mimport[39;00m[38;5;250m [39m[34;01murllib[39;00m[34;01m.[39;00m[34;01mrequest[39;00m
[32m--> [39m[32m282[39m [38;5;28;01mreturn[39;00m [30;43murllib[39;49m[30;43m.[39;49m[30;43mrequest[39;49m[30;43m.[39;49m[30;43murlopen[39;49m[30;43m([39;49m[30;43m*[39;49m[30;43margs[39;49m[30;43m,[39;49m[30;43m [39;49m[30;43m*[39;49m[30;43m*[39;49m[30;43mkwargs[39;49m[30;43m)[39;49m

[36mFile [39m[32m/Library/Frameworks/Python.framework/Versions/3.11/lib/python3.11/urllib/request.py:216[39m, in [36murlopen[39m[34m(url, data, timeout, cafile, capath, cadefault, context)[39m
[32m    214[39m [38;5;28;01melse[39;00m:
[32m    215[39m     opener = _opener
[32m--> [39m[32m216[39m [38;5;28;01mreturn[39;00m [30;43mopener[39;49m[30;43m.[39;49m[30;43mopen[39;49m[30;43m([39;49m[30;43murl[39;49m[30;43m,[39;49m[30;43m [39;49m[30;43mdata[39;49m[30;43m,[39;49m[30;43m [39;49m[30;43mtimeout[39;49m[30;43m)[39;49m

[36mFile [39m[32m/Library/Frameworks/Python.framework/Versions/3.11/lib/python3.11/urllib/request.py:519[39m, in [36mOpenerDirector.open[39m[34m(self, fullurl, data, timeout)[39m
[32m    516[39m     req = meth(req)
[32m    518[39m sys.audit([33m'[39m[33murllib.Request[39m[33m'[39m, req.full_url, req.data, req.headers, req.get_method())
[32m--> [39m[32m519[39m response = [30;43mself[39;49m[30;43m.[39;49m[30;43m_open[39;49m[30;43m([39;49m[30;43mreq[39;49m[30;43m,[39;49m[30;43m [39;49m[30;43mdata[39;49m[30;43m)[39;49m
[32m    521[39m [38;5;66;03m# post-process response[39;00m
[32m    522[39m meth_name = protocol+[33m"[39m[33m_response[39m[33m"[39m

[36mFile [39m[32m/Library/Frameworks/Python.framework/Versions/3.11/lib/python3.11/urllib/request.py:536[39m, in [36mOpenerDirector._open[39m[34m(self, req, data)[39m
[32m    533[39m     [38;5;28;01mreturn[39;00m result
[32m    535[39m protocol = req.type
[32m--> [39m[32m536[39m result = [30;43mself[39;49m[30;43m.[39;49m[30;43m_call_chain[39;49m[30;43m([39;49m[30;43mself[39;49m[30;43m.[39;49m[30;43mhandle_open[39;49m[30;43m,[39;49m[30;43m [39;49m[30;43mprotocol[39;49m[30;43m,[39;49m[30;43m [39;49m[30;43mprotocol[39;49m[30;43m [39;49m[30;43m+[39;49m
[32m    537[39m [30;43m                          [39;49m[30;43m'[39;49m[30;43m_open[39;49m[30;43m'[39;49m[30;43m,[39;49m[30;43m [39;49m[30;43mreq[39;49m[30;43m)[39;49m
[32m    538[39m [38;5;28;01mif[39;00m result:
[32m    539[39m     [38;5;28;01mreturn[39;00m result

[36mFile [39m[32m/Library/Frameworks/Python.framework/Versions/3.11/lib/python3.11/urllib/request.py:496[39m, in [36mOpenerDirector._call_chain[39m[34m(self, chain, kind, meth_name, *args)[39m
[32m    494[39m [38;5;28;01mfor[39;00m handler [38;5;129;01min[39;00m handlers:
[32m    495[39m     func = [38;5;28mgetattr[39m(handler, meth_name)
[32m--> [39m[32m496[39m     result = [30;43mfunc[39;49m[30;43m([39;49m[30;43m*[39;49m[30;43margs[39;49m[30;43m)[39;49m
[32m    497[39m     [38;5;28;01mif[39;00m result [38;5;129;01mis[39;00m [38;5;129;01mnot[39;00m [38;5;28;01mNone[39;00m:
[32m    498[39m         [38;5;28;01mreturn[39;00m result

[36mFile [39m[32m/Library/Frameworks/Python.framework/Versions/3.11/lib/python3.11/urllib/request.py:1391[39m, in [36mHTTPSHandler.https_open[39m[34m(self, req)[39m
[32m   1390[39m [38;5;28;01mdef[39;00m[38;5;250m [39m[34mhttps_open[39m([38;5;28mself[39m, req):
[32m-> [39m[32m1391[39m     [38;5;28;01mreturn[39;00m [30;43mself[39;49m[30;43m.[39;49m[30;43mdo_open[39;49m[30;43m([39;49m[30;43mhttp[39;49m[30;43m.[39;49m[30;43mclient[39;49m[30;43m.[39;49m[30;43mHTTPSConnection[39;49m[30;43m,[39;49m[30;43m [39;49m[30;43mreq[39;49m[30;43m,[39;49m
[32m   1392[39m [30;43m        [39;49m[30;43mcontext[39;49m[30;43m=[39;49m[30;43mself[39;49m[30;43m.[39;49m[30;43m_context[39;49m[30;43m,[39;49m[30;43m [39;49m[30;43mcheck_hostname[39;49m[30;43m=[39;49m[30;43mself[39;49m[30;43m.[39;49m[30;43m_check_hostname[39;49m[30;43m)[39;49m

[36mFile [39m[32m/Library/Frameworks/Python.framework/Versions/3.11/lib/python3.11/urllib/request.py:1351[39m, in [36mAbstractHTTPHandler.do_open[39m[34m(self, http_class, req, **http_conn_args)[39m
[32m   1348[39m         h.request(req.get_method(), req.selector, req.data, headers,
[32m   1349[39m                   encode_chunked=req.has_header([33m'[39m[33mTransfer-encoding[39m[33m'[39m))
[32m   1350[39m     [38;5;28;01mexcept[39;00m [38;5;167;01mOSError[39;00m [38;5;28;01mas[39;00m err: [38;5;66;03m# timeout error[39;00m
[32m-> [39m[32m1351[39m         [38;5;28;01mraise[39;00m URLError(err)
[32m   1352[39m     r = h.getresponse()
[32m   1353[39m [38;5;28;01mexcept[39;00m:

[31mURLError[39m: <urlopen error [SSL: CERTIFICATE_VERIFY_FAILED] certificate verify failed: unable to get local issuer certificate (_ssl.c:1006)>

