Traceback (most recent call last):
  File "/Users/ryotakusakai/opt/anaconda3/envs/jupyterbook_1/lib/python3.9/site-packages/jupyter_core/utils/__init__.py", line 154, in wrapped
    asyncio.get_running_loop()
RuntimeError: no running event loop

During handling of the above exception, another exception occurred:

Traceback (most recent call last):
  File "/Users/ryotakusakai/opt/anaconda3/envs/jupyterbook_1/lib/python3.9/site-packages/jupyter_cache/executors/utils.py", line 58, in single_nb_execution
    executenb(
  File "/Users/ryotakusakai/opt/anaconda3/envs/jupyterbook_1/lib/python3.9/site-packages/nbclient/client.py", line 1305, in execute
    return NotebookClient(nb=nb, resources=resources, km=km, **kwargs).execute()
  File "/Users/ryotakusakai/opt/anaconda3/envs/jupyterbook_1/lib/python3.9/site-packages/jupyter_core/utils/__init__.py", line 158, in wrapped
    return loop.run_until_complete(inner)
  File "/Users/ryotakusakai/opt/anaconda3/envs/jupyterbook_1/lib/python3.9/asyncio/base_events.py", line 647, in run_until_complete
    return future.result()
  File "/Users/ryotakusakai/opt/anaconda3/envs/jupyterbook_1/lib/python3.9/site-packages/nbclient/client.py", line 705, in async_execute
    await self.async_execute_cell(
  File "/Users/ryotakusakai/opt/anaconda3/envs/jupyterbook_1/lib/python3.9/site-packages/nbclient/client.py", line 1058, in async_execute_cell
    await self._check_raise_for_error(cell, cell_index, exec_reply)
  File "/Users/ryotakusakai/opt/anaconda3/envs/jupyterbook_1/lib/python3.9/site-packages/nbclient/client.py", line 914, in _check_raise_for_error
    raise CellExecutionError.from_cell_and_msg(cell, exec_reply_content)
nbclient.exceptions.CellExecutionError: An error occurred while executing the following cell:
------------------
import matplotlib.pyplot as plt
------------------


[0;31m---------------------------------------------------------------------------[0m
[0;31mAttributeError[0m                            Traceback (most recent call last)
Cell [0;32mIn[1], line 1[0m
[0;32m----> 1[0m [38;5;28;01mimport[39;00m[38;5;250m [39m[38;5;21;01mmatplotlib[39;00m[38;5;21;01m.[39;00m[38;5;21;01mpyplot[39;00m[38;5;250m [39m[38;5;28;01mas[39;00m[38;5;250m [39m[38;5;21;01mplt[39;00m

File [0;32m~/opt/anaconda3/envs/jupyterbook_1/lib/python3.9/site-packages/matplotlib/pyplot.py:2500[0m
[1;32m   2498[0m     [38;5;28mdict[39m[38;5;241m.[39m[38;5;21m__setitem__[39m(rcParams, [38;5;124m"[39m[38;5;124mbackend[39m[38;5;124m"[39m, rcsetup[38;5;241m.[39m_auto_backend_sentinel)
[1;32m   2499[0m [38;5;66;03m# Set up the backend.[39;00m
[0;32m-> 2500[0m [43mswitch_backend[49m[43m([49m[43mrcParams[49m[43m[[49m[38;5;124;43m"[39;49m[38;5;124;43mbackend[39;49m[38;5;124;43m"[39;49m[43m][49m[43m)[49m
[1;32m   2502[0m [38;5;66;03m# Just to be safe.  Interactive mode can be turned on without[39;00m
[1;32m   2503[0m [38;5;66;03m# calling `plt.ion()` so register it again here.[39;00m
[1;32m   2504[0m [38;5;66;03m# This is safe because multiple calls to `install_repl_displayhook`[39;00m
[1;32m   2505[0m [38;5;66;03m# are no-ops and the registered function respect `mpl.is_interactive()`[39;00m
[1;32m   2506[0m [38;5;66;03m# to determine if they should trigger a draw.[39;00m
[1;32m   2507[0m install_repl_displayhook()

File [0;32m~/opt/anaconda3/envs/jupyterbook_1/lib/python3.9/site-packages/matplotlib/pyplot.py:277[0m, in [0;36mswitch_backend[0;34m(newbackend)[0m
[1;32m    270[0m [38;5;66;03m# Backends are implemented as modules, but "inherit" default method[39;00m
[1;32m    271[0m [38;5;66;03m# implementations from backend_bases._Backend.  This is achieved by[39;00m
[1;32m    272[0m [38;5;66;03m# creating a "class" that inherits from backend_bases._Backend and whose[39;00m
[1;32m    273[0m [38;5;66;03m# body is filled with the module's globals.[39;00m
[1;32m    275[0m backend_name [38;5;241m=[39m cbook[38;5;241m.[39m_backend_module_name(newbackend)
[0;32m--> 277[0m [38;5;28;01mclass[39;00m[38;5;250m [39m[38;5;21;01mbackend_mod[39;00m(matplotlib[38;5;241m.[39mbackend_bases[38;5;241m.[39m_Backend):
[1;32m    278[0m     [38;5;28mlocals[39m()[38;5;241m.[39mupdate([38;5;28mvars[39m(importlib[38;5;241m.[39mimport_module(backend_name)))
[1;32m    280[0m required_framework [38;5;241m=[39m _get_required_interactive_framework(backend_mod)

File [0;32m~/opt/anaconda3/envs/jupyterbook_1/lib/python3.9/site-packages/matplotlib/pyplot.py:278[0m, in [0;36mswitch_backend.<locals>.backend_mod[0;34m()[0m
[1;32m    277[0m [38;5;28;01mclass[39;00m[38;5;250m [39m[38;5;21;01mbackend_mod[39;00m(matplotlib[38;5;241m.[39mbackend_bases[38;5;241m.[39m_Backend):
[0;32m--> 278[0m     [38;5;28mlocals[39m()[38;5;241m.[39mupdate([38;5;28mvars[39m([43mimportlib[49m[38;5;241;43m.[39;49m[43mimport_module[49m[43m([49m[43mbackend_name[49m[43m)[49m))

File [0;32m~/opt/anaconda3/envs/jupyterbook_1/lib/python3.9/importlib/__init__.py:127[0m, in [0;36mimport_module[0;34m(name, package)[0m
[1;32m    125[0m             [38;5;28;01mbreak[39;00m
[1;32m    126[0m         level [38;5;241m+[39m[38;5;241m=[39m [38;5;241m1[39m
[0;32m--> 127[0m [38;5;28;01mreturn[39;00m [43m_bootstrap[49m[38;5;241;43m.[39;49m[43m_gcd_import[49m[43m([49m[43mname[49m[43m[[49m[43mlevel[49m[43m:[49m[43m][49m[43m,[49m[43m [49m[43mpackage[49m[43m,[49m[43m [49m[43mlevel[49m[43m)[49m

File [0;32m~/opt/anaconda3/envs/jupyterbook_1/lib/python3.9/site-packages/matplotlib_inline/__init__.py:1[0m
[0;32m----> 1[0m [38;5;28;01mfrom[39;00m[38;5;250m [39m[38;5;21;01m.[39;00m[38;5;250m [39m[38;5;28;01mimport[39;00m backend_inline, config  [38;5;66;03m# noqa[39;00m
[1;32m      3[0m __version__ [38;5;241m=[39m [38;5;124m"[39m[38;5;124m0.2.1[39m[38;5;124m"[39m
[1;32m      5[0m [38;5;66;03m# we can't ''.join(...) otherwise finding the version number at build time requires[39;00m
[1;32m      6[0m [38;5;66;03m# import which introduces IPython and matplotlib at build time, and thus circular[39;00m
[1;32m      7[0m [38;5;66;03m# dependencies.[39;00m

File [0;32m~/opt/anaconda3/envs/jupyterbook_1/lib/python3.9/site-packages/matplotlib_inline/backend_inline.py:236[0m
[1;32m    231[0m                 ip[38;5;241m.[39mevents[38;5;241m.[39munregister([38;5;124m"[39m[38;5;124mpost_run_cell[39m[38;5;124m"[39m, configure_once)
[1;32m    233[0m             ip[38;5;241m.[39mevents[38;5;241m.[39mregister([38;5;124m"[39m[38;5;124mpost_run_cell[39m[38;5;124m"[39m, configure_once)
[0;32m--> 236[0m [43m_enable_matplotlib_integration[49m[43m([49m[43m)[49m
[1;32m    239[0m [38;5;28;01mdef[39;00m[38;5;250m [39m[38;5;21m_fetch_figure_metadata[39m(fig):
[1;32m    240[0m [38;5;250m    [39m[38;5;124;03m"""Get some metadata to help with displaying a figure."""[39;00m

File [0;32m~/opt/anaconda3/envs/jupyterbook_1/lib/python3.9/site-packages/matplotlib_inline/backend_inline.py:215[0m, in [0;36m_enable_matplotlib_integration[0;34m()[0m
[1;32m    211[0m ip [38;5;241m=[39m get_ipython()
[1;32m    213[0m [38;5;28;01mimport[39;00m[38;5;250m [39m[38;5;21;01mmatplotlib[39;00m
[0;32m--> 215[0m [38;5;28;01mif[39;00m [43mmatplotlib[49m[38;5;241;43m.[39;49m[43m__version_info__[49m [38;5;241m>[39m[38;5;241m=[39m ([38;5;241m3[39m, [38;5;241m10[39m):
[1;32m    216[0m     backend [38;5;241m=[39m matplotlib[38;5;241m.[39mget_backend(auto_select[38;5;241m=[39m[38;5;28;01mFalse[39;00m)
[1;32m    217[0m [38;5;28;01melse[39;00m:

[0;31mAttributeError[0m: module 'matplotlib' has no attribute '__version_info__'

